../Core/Src/main.c:78:9:SET_bitmask	16	static
../Core/Src/main.c:84:9:CLEAR_bitmask	16	static
../Core/Src/main.c:90:6:administrator	16	static
../Core/Src/main.c:107:6:admin_mode	16	static
../Core/Src/main.c:121:6:user_mode	4	static
../Core/Src/main.c:126:6:card_mode	4	static
../Core/Src/main.c:136:5:main	24	static
../Core/Src/main.c:235:6:SystemClock_Config	72	static
../Core/Src/main.c:272:13:MX_SPI2_Init	8	static
../Core/Src/main.c:310:13:MX_GPIO_Init	32	static
../Core/Src/main.c:342:6:Error_Handler	4	static,ignoring_inline_asm
