../Core/Src/main.c:83:6:SET_bitmask	16	static
../Core/Src/main.c:88:6:CLEAR_bitmask	16	static
../Core/Src/main.c:93:6:__CHANGE_Password_Admin	24	static
../Core/Src/main.c:138:6:__UNBLOCK_User	16	static
../Core/Src/main.c:160:6:_administrator	16	static
../Core/Src/main.c:178:6:admin_mode	16	static
../Core/Src/main.c:196:6:user_mode	4	static
../Core/Src/main.c:242:6:card_mode	4	static
../Core/Src/main.c:252:5:main	16	static
../Core/Src/main.c:341:6:SystemClock_Config	72	static
../Core/Src/main.c:378:13:MX_SPI2_Init	8	static
../Core/Src/main.c:416:13:MX_GPIO_Init	32	static
../Core/Src/main.c:448:6:Error_Handler	4	static,ignoring_inline_asm
